// Jest Snapshot v1, https://goo.gl/fbAQLP

exports[`TodoInput Container Test matches snapshot 1`] = `"<form><input type=\\"text\\" placeholder=\\"Enter todo item\\"/></form>"`;
