// Jest Snapshot v1, https://goo.gl/fbAQLP

exports[`TodoInput matches snapshot 1`] = `
<form
  onSubmit={[Function]}
>
  <input
    onChange={[Function]}
    placeholder="Enter todo item"
    type="text"
  />
</form>
`;
